CRITICAL - 2025-07-12 12:59:26 --> ErrorException: Undefined variable $query
[Method: GET, Route: auth/proposer_sujet]
in APPPATH/Views/consultation.php on line 21.
 1 APPPATH/Views/consultation.php(21): CodeIgniter\Debug\Exceptions->errorHandler(2, 'Undefined variable $query', '/opt/lampp/htdocs/bifi/app/Views/consultation.php', 21)
 2 SYSTEMPATH/View/View.php(224): include('/opt/lampp/htdocs/bifi/app/Views/consultation.php')
 3 SYSTEMPATH/View/View.php(227): CodeIgniter\View\View->CodeIgniter\View\{closure}()
 4 SYSTEMPATH/Common.php(1173): CodeIgniter\View\View->render('consultation', [], true)
 5 APPPATH/Controllers/Auth.php(228): view('consultation')
 6 SYSTEMPATH/CodeIgniter.php(933): App\Controllers\Auth->proposer_sujet()
 7 SYSTEMPATH/CodeIgniter.php(507): CodeIgniter\CodeIgniter->runController(Object(App\Controllers\Auth))
 8 SYSTEMPATH/CodeIgniter.php(354): CodeIgniter\CodeIgniter->handleRequest(null, Object(Config\Cache), false)
 9 SYSTEMPATH/Boot.php(334): CodeIgniter\CodeIgniter->run()
10 SYSTEMPATH/Boot.php(67): CodeIgniter\Boot::runCodeIgniter(Object(CodeIgniter\CodeIgniter))
11 FCPATH/index.php(59): CodeIgniter\Boot::bootWeb(Object(Config\Paths))
CRITICAL - 2025-07-12 12:59:34 --> ErrorException: Undefined variable $query
[Method: GET, Route: auth/proposer_sujet]
in APPPATH/Views/consultation.php on line 21.
 1 APPPATH/Views/consultation.php(21): CodeIgniter\Debug\Exceptions->errorHandler(2, 'Undefined variable $query', '/opt/lampp/htdocs/bifi/app/Views/consultation.php', 21)
 2 SYSTEMPATH/View/View.php(224): include('/opt/lampp/htdocs/bifi/app/Views/consultation.php')
 3 SYSTEMPATH/View/View.php(227): CodeIgniter\View\View->CodeIgniter\View\{closure}()
 4 SYSTEMPATH/Common.php(1173): CodeIgniter\View\View->render('consultation', [], true)
 5 APPPATH/Controllers/Auth.php(228): view('consultation')
 6 SYSTEMPATH/CodeIgniter.php(933): App\Controllers\Auth->proposer_sujet()
 7 SYSTEMPATH/CodeIgniter.php(507): CodeIgniter\CodeIgniter->runController(Object(App\Controllers\Auth))
 8 SYSTEMPATH/CodeIgniter.php(354): CodeIgniter\CodeIgniter->handleRequest(null, Object(Config\Cache), false)
 9 SYSTEMPATH/Boot.php(334): CodeIgniter\CodeIgniter->run()
10 SYSTEMPATH/Boot.php(67): CodeIgniter\Boot::runCodeIgniter(Object(CodeIgniter\CodeIgniter))
11 FCPATH/index.php(59): CodeIgniter\Boot::bootWeb(Object(Config\Paths))
CRITICAL - 2025-07-12 13:02:59 --> ErrorException: Undefined variable $query
[Method: GET, Route: auth/proposer_sujet]
in APPPATH/Views/consultation.php on line 21.
 1 APPPATH/Views/consultation.php(21): CodeIgniter\Debug\Exceptions->errorHandler(2, 'Undefined variable $query', '/opt/lampp/htdocs/bifi/app/Views/consultation.php', 21)
 2 SYSTEMPATH/View/View.php(224): include('/opt/lampp/htdocs/bifi/app/Views/consultation.php')
 3 SYSTEMPATH/View/View.php(227): CodeIgniter\View\View->CodeIgniter\View\{closure}()
 4 SYSTEMPATH/Common.php(1173): CodeIgniter\View\View->render('consultation', [], true)
 5 APPPATH/Controllers/Auth.php(228): view('consultation')
 6 SYSTEMPATH/CodeIgniter.php(933): App\Controllers\Auth->proposer_sujet()
 7 SYSTEMPATH/CodeIgniter.php(507): CodeIgniter\CodeIgniter->runController(Object(App\Controllers\Auth))
 8 SYSTEMPATH/CodeIgniter.php(354): CodeIgniter\CodeIgniter->handleRequest(null, Object(Config\Cache), false)
 9 SYSTEMPATH/Boot.php(334): CodeIgniter\CodeIgniter->run()
10 SYSTEMPATH/Boot.php(67): CodeIgniter\Boot::runCodeIgniter(Object(CodeIgniter\CodeIgniter))
11 FCPATH/index.php(59): CodeIgniter\Boot::bootWeb(Object(Config\Paths))
CRITICAL - 2025-07-12 13:06:50 --> ErrorException: Undefined variable $query
[Method: GET, Route: auth/proposer_sujet]
in APPPATH/Views/consultation.php on line 21.
 1 APPPATH/Views/consultation.php(21): CodeIgniter\Debug\Exceptions->errorHandler(2, 'Undefined variable $query', '/opt/lampp/htdocs/bifi/app/Views/consultation.php', 21)
 2 SYSTEMPATH/View/View.php(224): include('/opt/lampp/htdocs/bifi/app/Views/consultation.php')
 3 SYSTEMPATH/View/View.php(227): CodeIgniter\View\View->CodeIgniter\View\{closure}()
 4 SYSTEMPATH/Common.php(1173): CodeIgniter\View\View->render('consultation', [], true)
 5 APPPATH/Controllers/Auth.php(228): view('consultation')
 6 SYSTEMPATH/CodeIgniter.php(933): App\Controllers\Auth->proposer_sujet()
 7 SYSTEMPATH/CodeIgniter.php(507): CodeIgniter\CodeIgniter->runController(Object(App\Controllers\Auth))
 8 SYSTEMPATH/CodeIgniter.php(354): CodeIgniter\CodeIgniter->handleRequest(null, Object(Config\Cache), false)
 9 SYSTEMPATH/Boot.php(334): CodeIgniter\CodeIgniter->run()
10 SYSTEMPATH/Boot.php(67): CodeIgniter\Boot::runCodeIgniter(Object(CodeIgniter\CodeIgniter))
11 FCPATH/index.php(59): CodeIgniter\Boot::bootWeb(Object(Config\Paths))
CRITICAL - 2025-07-12 13:09:19 --> ErrorException: Undefined variable $query
[Method: GET, Route: auth/proposer_sujet]
in APPPATH/Views/consultation.php on line 21.
 1 APPPATH/Views/consultation.php(21): CodeIgniter\Debug\Exceptions->errorHandler(2, 'Undefined variable $query', '/opt/lampp/htdocs/bifi/app/Views/consultation.php', 21)
 2 SYSTEMPATH/View/View.php(224): include('/opt/lampp/htdocs/bifi/app/Views/consultation.php')
 3 SYSTEMPATH/View/View.php(227): CodeIgniter\View\View->CodeIgniter\View\{closure}()
 4 SYSTEMPATH/Common.php(1173): CodeIgniter\View\View->render('consultation', [], true)
 5 APPPATH/Controllers/Auth.php(228): view('consultation')
 6 SYSTEMPATH/CodeIgniter.php(933): App\Controllers\Auth->proposer_sujet()
 7 SYSTEMPATH/CodeIgniter.php(507): CodeIgniter\CodeIgniter->runController(Object(App\Controllers\Auth))
 8 SYSTEMPATH/CodeIgniter.php(354): CodeIgniter\CodeIgniter->handleRequest(null, Object(Config\Cache), false)
 9 SYSTEMPATH/Boot.php(334): CodeIgniter\CodeIgniter->run()
10 SYSTEMPATH/Boot.php(67): CodeIgniter\Boot::runCodeIgniter(Object(CodeIgniter\CodeIgniter))
11 FCPATH/index.php(59): CodeIgniter\Boot::bootWeb(Object(Config\Paths))
CRITICAL - 2025-07-12 13:19:30 --> CodeIgniter\View\Exceptions\ViewException: Invalid file: "consultatioon.php"
[Method: GET, Route: auth/proposer_sujet]
in SYSTEMPATH/Exceptions/FrameworkException.php on line 39.
 1 SYSTEMPATH/View/View.php(212): CodeIgniter\Exceptions\FrameworkException::forInvalidFile('consultatioon.php')
 2 SYSTEMPATH/Common.php(1173): CodeIgniter\View\View->render('consultatioon', [], true)
 3 APPPATH/Controllers/Auth.php(194): view('consultatioon')
 4 SYSTEMPATH/CodeIgniter.php(933): App\Controllers\Auth->proposer_sujet()
 5 SYSTEMPATH/CodeIgniter.php(507): CodeIgniter\CodeIgniter->runController(Object(App\Controllers\Auth))
 6 SYSTEMPATH/CodeIgniter.php(354): CodeIgniter\CodeIgniter->handleRequest(null, Object(Config\Cache), false)
 7 SYSTEMPATH/Boot.php(334): CodeIgniter\CodeIgniter->run()
 8 SYSTEMPATH/Boot.php(67): CodeIgniter\Boot::runCodeIgniter(Object(CodeIgniter\CodeIgniter))
 9 FCPATH/index.php(59): CodeIgniter\Boot::bootWeb(Object(Config\Paths))
ERROR - 2025-07-12 14:13:53 --> mysqli_sql_exception: Unknown column 'fichier_corrige' in 'field list' in /opt/lampp/htdocs/bifi/system/Database/MySQLi/Connection.php:327
Stack trace:
#0 /opt/lampp/htdocs/bifi/system/Database/MySQLi/Connection.php(327): mysqli->query('INSERT INTO `su...', 0)
#1 /opt/lampp/htdocs/bifi/system/Database/BaseConnection.php(738): CodeIgniter\Database\MySQLi\Connection->execute('INSERT INTO `su...')
#2 /opt/lampp/htdocs/bifi/system/Database/BaseConnection.php(652): CodeIgniter\Database\BaseConnection->simpleQuery('INSERT INTO `su...')
#3 /opt/lampp/htdocs/bifi/system/Database/BaseBuilder.php(2345): CodeIgniter\Database\BaseConnection->query('INSERT INTO `su...', Array, false)
#4 /opt/lampp/htdocs/bifi/system/Model.php(394): CodeIgniter\Database\BaseBuilder->insert()
#5 /opt/lampp/htdocs/bifi/system/BaseModel.php(843): CodeIgniter\Model->doInsert(Array)
#6 /opt/lampp/htdocs/bifi/system/Model.php(800): CodeIgniter\BaseModel->insert(Array, false)
#7 /opt/lampp/htdocs/bifi/system/BaseModel.php(754): CodeIgniter\Model->insert(Array, false)
#8 /opt/lampp/htdocs/bifi/app/Controllers/Auth.php(163): CodeIgniter\BaseModel->save(Array)
#9 /opt/lampp/htdocs/bifi/system/CodeIgniter.php(933): App\Controllers\Auth->depot()
#10 /opt/lampp/htdocs/bifi/system/CodeIgniter.php(507): CodeIgniter\CodeIgniter->runController(Object(App\Controllers\Auth))
#11 /opt/lampp/htdocs/bifi/system/CodeIgniter.php(354): CodeIgniter\CodeIgniter->handleRequest(NULL, Object(Config\Cache), false)
#12 /opt/lampp/htdocs/bifi/system/Boot.php(334): CodeIgniter\CodeIgniter->run()
#13 /opt/lampp/htdocs/bifi/system/Boot.php(67): CodeIgniter\Boot::runCodeIgniter(Object(CodeIgniter\CodeIgniter))
#14 /opt/lampp/htdocs/bifi/public/index.php(59): CodeIgniter\Boot::bootWeb(Object(Config\Paths))
#15 {main}
CRITICAL - 2025-07-12 14:13:53 --> CodeIgniter\Database\Exceptions\DatabaseException: Unknown column 'fichier_corrige' in 'field list'
[Method: POST, Route: auth/depot]
in SYSTEMPATH/Database/BaseConnection.php on line 692.
 1 SYSTEMPATH/Database/BaseBuilder.php(2345): CodeIgniter\Database\BaseConnection->query('INSERT INTO `sujets` (`titre`, `fichier_corrige`, `auteur_corrige`, `statut_corrige`) VALUES (:titre:, :fichier_corrige:, :auteur_corrige:, :statut_corrige:)', [...], false)
 2 SYSTEMPATH/Model.php(394): CodeIgniter\Database\BaseBuilder->insert()
 3 SYSTEMPATH/BaseModel.php(843): CodeIgniter\Model->doInsert([...])
 4 SYSTEMPATH/Model.php(800): CodeIgniter\BaseModel->insert([...], false)
 5 SYSTEMPATH/BaseModel.php(754): CodeIgniter\Model->insert([...], false)
 6 APPPATH/Controllers/Auth.php(163): CodeIgniter\BaseModel->save([...])
 7 SYSTEMPATH/CodeIgniter.php(933): App\Controllers\Auth->depot()
 8 SYSTEMPATH/CodeIgniter.php(507): CodeIgniter\CodeIgniter->runController(Object(App\Controllers\Auth))
 9 SYSTEMPATH/CodeIgniter.php(354): CodeIgniter\CodeIgniter->handleRequest(null, Object(Config\Cache), false)
10 SYSTEMPATH/Boot.php(334): CodeIgniter\CodeIgniter->run()
11 SYSTEMPATH/Boot.php(67): CodeIgniter\Boot::runCodeIgniter(Object(CodeIgniter\CodeIgniter))
12 FCPATH/index.php(59): CodeIgniter\Boot::bootWeb(Object(Config\Paths))
CRITICAL - 2025-07-12 14:13:53 --> [Caused by] CodeIgniter\Database\Exceptions\DatabaseException: Unknown column 'fichier_corrige' in 'field list'
in SYSTEMPATH/Database/MySQLi/Connection.php on line 332.
 1 SYSTEMPATH/Database/BaseConnection.php(738): CodeIgniter\Database\MySQLi\Connection->execute('INSERT INTO `sujets` (`titre`, `fichier_corrige`, `auteur_corrige`, `statut_corrige`) VALUES (\'mathe\', \'1752329633_666dc96c1415cea4caaa.pdf\', \'Fidele\', \'attente\')')
 2 SYSTEMPATH/Database/BaseConnection.php(652): CodeIgniter\Database\BaseConnection->simpleQuery('INSERT INTO `sujets` (`titre`, `fichier_corrige`, `auteur_corrige`, `statut_corrige`) VALUES (\'mathe\', \'1752329633_666dc96c1415cea4caaa.pdf\', \'Fidele\', \'attente\')')
 3 SYSTEMPATH/Database/BaseBuilder.php(2345): CodeIgniter\Database\BaseConnection->query('INSERT INTO `sujets` (`titre`, `fichier_corrige`, `auteur_corrige`, `statut_corrige`) VALUES (:titre:, :fichier_corrige:, :auteur_corrige:, :statut_corrige:)', [...], false)
 4 SYSTEMPATH/Model.php(394): CodeIgniter\Database\BaseBuilder->insert()
 5 SYSTEMPATH/BaseModel.php(843): CodeIgniter\Model->doInsert([...])
 6 SYSTEMPATH/Model.php(800): CodeIgniter\BaseModel->insert([...], false)
 7 SYSTEMPATH/BaseModel.php(754): CodeIgniter\Model->insert([...], false)
 8 APPPATH/Controllers/Auth.php(163): CodeIgniter\BaseModel->save([...])
 9 SYSTEMPATH/CodeIgniter.php(933): App\Controllers\Auth->depot()
10 SYSTEMPATH/CodeIgniter.php(507): CodeIgniter\CodeIgniter->runController(Object(App\Controllers\Auth))
11 SYSTEMPATH/CodeIgniter.php(354): CodeIgniter\CodeIgniter->handleRequest(null, Object(Config\Cache), false)
12 SYSTEMPATH/Boot.php(334): CodeIgniter\CodeIgniter->run()
13 SYSTEMPATH/Boot.php(67): CodeIgniter\Boot::runCodeIgniter(Object(CodeIgniter\CodeIgniter))
14 FCPATH/index.php(59): CodeIgniter\Boot::bootWeb(Object(Config\Paths))
CRITICAL - 2025-07-12 14:13:53 --> [Caused by] mysqli_sql_exception: Unknown column 'fichier_corrige' in 'field list'
in SYSTEMPATH/Database/MySQLi/Connection.php on line 327.
 1 SYSTEMPATH/Database/MySQLi/Connection.php(327): mysqli->query('INSERT INTO `sujets` (`titre`, `fichier_corrige`, `auteur_corrige`, `statut_corrige`) VALUES (\'mathe\', \'1752329633_666dc96c1415cea4caaa.pdf\', \'Fidele\', \'attente\')', 0)
 2 SYSTEMPATH/Database/BaseConnection.php(738): CodeIgniter\Database\MySQLi\Connection->execute('INSERT INTO `sujets` (`titre`, `fichier_corrige`, `auteur_corrige`, `statut_corrige`) VALUES (\'mathe\', \'1752329633_666dc96c1415cea4caaa.pdf\', \'Fidele\', \'attente\')')
 3 SYSTEMPATH/Database/BaseConnection.php(652): CodeIgniter\Database\BaseConnection->simpleQuery('INSERT INTO `sujets` (`titre`, `fichier_corrige`, `auteur_corrige`, `statut_corrige`) VALUES (\'mathe\', \'1752329633_666dc96c1415cea4caaa.pdf\', \'Fidele\', \'attente\')')
 4 SYSTEMPATH/Database/BaseBuilder.php(2345): CodeIgniter\Database\BaseConnection->query('INSERT INTO `sujets` (`titre`, `fichier_corrige`, `auteur_corrige`, `statut_corrige`) VALUES (:titre:, :fichier_corrige:, :auteur_corrige:, :statut_corrige:)', [...], false)
 5 SYSTEMPATH/Model.php(394): CodeIgniter\Database\BaseBuilder->insert()
 6 SYSTEMPATH/BaseModel.php(843): CodeIgniter\Model->doInsert([...])
 7 SYSTEMPATH/Model.php(800): CodeIgniter\BaseModel->insert([...], false)
 8 SYSTEMPATH/BaseModel.php(754): CodeIgniter\Model->insert([...], false)
 9 APPPATH/Controllers/Auth.php(163): CodeIgniter\BaseModel->save([...])
10 SYSTEMPATH/CodeIgniter.php(933): App\Controllers\Auth->depot()
11 SYSTEMPATH/CodeIgniter.php(507): CodeIgniter\CodeIgniter->runController(Object(App\Controllers\Auth))
12 SYSTEMPATH/CodeIgniter.php(354): CodeIgniter\CodeIgniter->handleRequest(null, Object(Config\Cache), false)
13 SYSTEMPATH/Boot.php(334): CodeIgniter\CodeIgniter->run()
14 SYSTEMPATH/Boot.php(67): CodeIgniter\Boot::runCodeIgniter(Object(CodeIgniter\CodeIgniter))
15 FCPATH/index.php(59): CodeIgniter\Boot::bootWeb(Object(Config\Paths))
ERROR - 2025-07-12 14:26:47 --> mysqli_sql_exception: Column 'titre' cannot be null in /opt/lampp/htdocs/bifi/system/Database/MySQLi/Connection.php:327
Stack trace:
#0 /opt/lampp/htdocs/bifi/system/Database/MySQLi/Connection.php(327): mysqli->query('INSERT INTO `su...', 0)
#1 /opt/lampp/htdocs/bifi/system/Database/BaseConnection.php(738): CodeIgniter\Database\MySQLi\Connection->execute('INSERT INTO `su...')
#2 /opt/lampp/htdocs/bifi/system/Database/BaseConnection.php(652): CodeIgniter\Database\BaseConnection->simpleQuery('INSERT INTO `su...')
#3 /opt/lampp/htdocs/bifi/system/Database/BaseBuilder.php(2345): CodeIgniter\Database\BaseConnection->query('INSERT INTO `su...', Array, false)
#4 /opt/lampp/htdocs/bifi/system/Model.php(394): CodeIgniter\Database\BaseBuilder->insert()
#5 /opt/lampp/htdocs/bifi/system/BaseModel.php(843): CodeIgniter\Model->doInsert(Array)
#6 /opt/lampp/htdocs/bifi/system/Model.php(800): CodeIgniter\BaseModel->insert(Array, false)
#7 /opt/lampp/htdocs/bifi/system/BaseModel.php(754): CodeIgniter\Model->insert(Array, false)
#8 /opt/lampp/htdocs/bifi/app/Controllers/Auth.php(168): CodeIgniter\BaseModel->save(Array)
#9 /opt/lampp/htdocs/bifi/system/CodeIgniter.php(933): App\Controllers\Auth->depot()
#10 /opt/lampp/htdocs/bifi/system/CodeIgniter.php(507): CodeIgniter\CodeIgniter->runController(Object(App\Controllers\Auth))
#11 /opt/lampp/htdocs/bifi/system/CodeIgniter.php(354): CodeIgniter\CodeIgniter->handleRequest(NULL, Object(Config\Cache), false)
#12 /opt/lampp/htdocs/bifi/system/Boot.php(334): CodeIgniter\CodeIgniter->run()
#13 /opt/lampp/htdocs/bifi/system/Boot.php(67): CodeIgniter\Boot::runCodeIgniter(Object(CodeIgniter\CodeIgniter))
#14 /opt/lampp/htdocs/bifi/public/index.php(59): CodeIgniter\Boot::bootWeb(Object(Config\Paths))
#15 {main}
CRITICAL - 2025-07-12 14:26:47 --> CodeIgniter\Database\Exceptions\DatabaseException: Column 'titre' cannot be null
[Method: POST, Route: auth/depot]
in SYSTEMPATH/Database/BaseConnection.php on line 692.
 1 SYSTEMPATH/Database/BaseBuilder.php(2345): CodeIgniter\Database\BaseConnection->query('INSERT INTO `sujets` (`titre`, `serie`, `matiere`, `type`, `annee`, `fichier`, `statut`, `eleve_id`) VALUES (:titre:, :serie:, :matiere:, :type:, :annee:, :fichier:, :statut:, :eleve_id:)', [...], false)
 2 SYSTEMPATH/Model.php(394): CodeIgniter\Database\BaseBuilder->insert()
 3 SYSTEMPATH/BaseModel.php(843): CodeIgniter\Model->doInsert([...])
 4 SYSTEMPATH/Model.php(800): CodeIgniter\BaseModel->insert([...], false)
 5 SYSTEMPATH/BaseModel.php(754): CodeIgniter\Model->insert([...], false)
 6 APPPATH/Controllers/Auth.php(168): CodeIgniter\BaseModel->save([...])
 7 SYSTEMPATH/CodeIgniter.php(933): App\Controllers\Auth->depot()
 8 SYSTEMPATH/CodeIgniter.php(507): CodeIgniter\CodeIgniter->runController(Object(App\Controllers\Auth))
 9 SYSTEMPATH/CodeIgniter.php(354): CodeIgniter\CodeIgniter->handleRequest(null, Object(Config\Cache), false)
10 SYSTEMPATH/Boot.php(334): CodeIgniter\CodeIgniter->run()
11 SYSTEMPATH/Boot.php(67): CodeIgniter\Boot::runCodeIgniter(Object(CodeIgniter\CodeIgniter))
12 FCPATH/index.php(59): CodeIgniter\Boot::bootWeb(Object(Config\Paths))
CRITICAL - 2025-07-12 14:26:47 --> [Caused by] CodeIgniter\Database\Exceptions\DatabaseException: Column 'titre' cannot be null
in SYSTEMPATH/Database/MySQLi/Connection.php on line 332.
 1 SYSTEMPATH/Database/BaseConnection.php(738): CodeIgniter\Database\MySQLi\Connection->execute('INSERT INTO `sujets` (`titre`, `serie`, `matiere`, `type`, `annee`, `fichier`, `statut`, `eleve_id`) VALUES (NULL, \'A\', \'Mathematique\', \'sujet\', \'2022\', \'1752330407_12a7c74f9f31c28845ff.pdf\', \'attente\', \'1\')')
 2 SYSTEMPATH/Database/BaseConnection.php(652): CodeIgniter\Database\BaseConnection->simpleQuery('INSERT INTO `sujets` (`titre`, `serie`, `matiere`, `type`, `annee`, `fichier`, `statut`, `eleve_id`) VALUES (NULL, \'A\', \'Mathematique\', \'sujet\', \'2022\', \'1752330407_12a7c74f9f31c28845ff.pdf\', \'attente\', \'1\')')
 3 SYSTEMPATH/Database/BaseBuilder.php(2345): CodeIgniter\Database\BaseConnection->query('INSERT INTO `sujets` (`titre`, `serie`, `matiere`, `type`, `annee`, `fichier`, `statut`, `eleve_id`) VALUES (:titre:, :serie:, :matiere:, :type:, :annee:, :fichier:, :statut:, :eleve_id:)', [...], false)
 4 SYSTEMPATH/Model.php(394): CodeIgniter\Database\BaseBuilder->insert()
 5 SYSTEMPATH/BaseModel.php(843): CodeIgniter\Model->doInsert([...])
 6 SYSTEMPATH/Model.php(800): CodeIgniter\BaseModel->insert([...], false)
 7 SYSTEMPATH/BaseModel.php(754): CodeIgniter\Model->insert([...], false)
 8 APPPATH/Controllers/Auth.php(168): CodeIgniter\BaseModel->save([...])
 9 SYSTEMPATH/CodeIgniter.php(933): App\Controllers\Auth->depot()
10 SYSTEMPATH/CodeIgniter.php(507): CodeIgniter\CodeIgniter->runController(Object(App\Controllers\Auth))
11 SYSTEMPATH/CodeIgniter.php(354): CodeIgniter\CodeIgniter->handleRequest(null, Object(Config\Cache), false)
12 SYSTEMPATH/Boot.php(334): CodeIgniter\CodeIgniter->run()
13 SYSTEMPATH/Boot.php(67): CodeIgniter\Boot::runCodeIgniter(Object(CodeIgniter\CodeIgniter))
14 FCPATH/index.php(59): CodeIgniter\Boot::bootWeb(Object(Config\Paths))
CRITICAL - 2025-07-12 14:26:47 --> [Caused by] mysqli_sql_exception: Column 'titre' cannot be null
in SYSTEMPATH/Database/MySQLi/Connection.php on line 327.
 1 SYSTEMPATH/Database/MySQLi/Connection.php(327): mysqli->query('INSERT INTO `sujets` (`titre`, `serie`, `matiere`, `type`, `annee`, `fichier`, `statut`, `eleve_id`) VALUES (NULL, \'A\', \'Mathematique\', \'sujet\', \'2022\', \'1752330407_12a7c74f9f31c28845ff.pdf\', \'attente\', \'1\')', 0)
 2 SYSTEMPATH/Database/BaseConnection.php(738): CodeIgniter\Database\MySQLi\Connection->execute('INSERT INTO `sujets` (`titre`, `serie`, `matiere`, `type`, `annee`, `fichier`, `statut`, `eleve_id`) VALUES (NULL, \'A\', \'Mathematique\', \'sujet\', \'2022\', \'1752330407_12a7c74f9f31c28845ff.pdf\', \'attente\', \'1\')')
 3 SYSTEMPATH/Database/BaseConnection.php(652): CodeIgniter\Database\BaseConnection->simpleQuery('INSERT INTO `sujets` (`titre`, `serie`, `matiere`, `type`, `annee`, `fichier`, `statut`, `eleve_id`) VALUES (NULL, \'A\', \'Mathematique\', \'sujet\', \'2022\', \'1752330407_12a7c74f9f31c28845ff.pdf\', \'attente\', \'1\')')
 4 SYSTEMPATH/Database/BaseBuilder.php(2345): CodeIgniter\Database\BaseConnection->query('INSERT INTO `sujets` (`titre`, `serie`, `matiere`, `type`, `annee`, `fichier`, `statut`, `eleve_id`) VALUES (:titre:, :serie:, :matiere:, :type:, :annee:, :fichier:, :statut:, :eleve_id:)', [...], false)
 5 SYSTEMPATH/Model.php(394): CodeIgniter\Database\BaseBuilder->insert()
 6 SYSTEMPATH/BaseModel.php(843): CodeIgniter\Model->doInsert([...])
 7 SYSTEMPATH/Model.php(800): CodeIgniter\BaseModel->insert([...], false)
 8 SYSTEMPATH/BaseModel.php(754): CodeIgniter\Model->insert([...], false)
 9 APPPATH/Controllers/Auth.php(168): CodeIgniter\BaseModel->save([...])
10 SYSTEMPATH/CodeIgniter.php(933): App\Controllers\Auth->depot()
11 SYSTEMPATH/CodeIgniter.php(507): CodeIgniter\CodeIgniter->runController(Object(App\Controllers\Auth))
12 SYSTEMPATH/CodeIgniter.php(354): CodeIgniter\CodeIgniter->handleRequest(null, Object(Config\Cache), false)
13 SYSTEMPATH/Boot.php(334): CodeIgniter\CodeIgniter->run()
14 SYSTEMPATH/Boot.php(67): CodeIgniter\Boot::runCodeIgniter(Object(CodeIgniter\CodeIgniter))
15 FCPATH/index.php(59): CodeIgniter\Boot::bootWeb(Object(Config\Paths))
CRITICAL - 2025-07-12 14:44:27 --> ErrorException: Undefined variable $query
[Method: GET, Route: auth/page_consulter]
in APPPATH/Views/consultation.php on line 82.
 1 APPPATH/Views/consultation.php(82): CodeIgniter\Debug\Exceptions->errorHandler(2, 'Undefined variable $query', '/opt/lampp/htdocs/bifi/app/Views/consultation.php', 82)
 2 SYSTEMPATH/View/View.php(224): include('/opt/lampp/htdocs/bifi/app/Views/consultation.php')
 3 SYSTEMPATH/View/View.php(227): CodeIgniter\View\View->CodeIgniter\View\{closure}()
 4 SYSTEMPATH/Common.php(1173): CodeIgniter\View\View->render('consultation', [], true)
 5 APPPATH/Controllers/Auth.php(208): view('consultation')
 6 SYSTEMPATH/CodeIgniter.php(933): App\Controllers\Auth->page_consulter()
 7 SYSTEMPATH/CodeIgniter.php(507): CodeIgniter\CodeIgniter->runController(Object(App\Controllers\Auth))
 8 SYSTEMPATH/CodeIgniter.php(354): CodeIgniter\CodeIgniter->handleRequest(null, Object(Config\Cache), false)
 9 SYSTEMPATH/Boot.php(334): CodeIgniter\CodeIgniter->run()
10 SYSTEMPATH/Boot.php(67): CodeIgniter\Boot::runCodeIgniter(Object(CodeIgniter\CodeIgniter))
11 FCPATH/index.php(59): CodeIgniter\Boot::bootWeb(Object(Config\Paths))
CRITICAL - 2025-07-12 14:45:44 --> ErrorException: Undefined variable $query
[Method: GET, Route: auth/page_consulter]
in APPPATH/Views/consultation.php on line 65.
 1 APPPATH/Views/consultation.php(65): CodeIgniter\Debug\Exceptions->errorHandler(2, 'Undefined variable $query', '/opt/lampp/htdocs/bifi/app/Views/consultation.php', 65)
 2 SYSTEMPATH/View/View.php(224): include('/opt/lampp/htdocs/bifi/app/Views/consultation.php')
 3 SYSTEMPATH/View/View.php(227): CodeIgniter\View\View->CodeIgniter\View\{closure}()
 4 SYSTEMPATH/Common.php(1173): CodeIgniter\View\View->render('consultation', [], true)
 5 APPPATH/Controllers/Auth.php(208): view('consultation')
 6 SYSTEMPATH/CodeIgniter.php(933): App\Controllers\Auth->page_consulter()
 7 SYSTEMPATH/CodeIgniter.php(507): CodeIgniter\CodeIgniter->runController(Object(App\Controllers\Auth))
 8 SYSTEMPATH/CodeIgniter.php(354): CodeIgniter\CodeIgniter->handleRequest(null, Object(Config\Cache), false)
 9 SYSTEMPATH/Boot.php(334): CodeIgniter\CodeIgniter->run()
10 SYSTEMPATH/Boot.php(67): CodeIgniter\Boot::runCodeIgniter(Object(CodeIgniter\CodeIgniter))
11 FCPATH/index.php(59): CodeIgniter\Boot::bootWeb(Object(Config\Paths))
ERROR - 2025-07-12 14:51:42 --> mysqli_sql_exception: Unknown column 'sujet_id' in 'where clause' in /opt/lampp/htdocs/bifi/system/Database/MySQLi/Connection.php:327
Stack trace:
#0 /opt/lampp/htdocs/bifi/system/Database/MySQLi/Connection.php(327): mysqli->query('SELECT *\nFROM `...', 0)
#1 /opt/lampp/htdocs/bifi/system/Database/BaseConnection.php(738): CodeIgniter\Database\MySQLi\Connection->execute('SELECT *\nFROM `...')
#2 /opt/lampp/htdocs/bifi/system/Database/BaseConnection.php(652): CodeIgniter\Database\BaseConnection->simpleQuery('SELECT *\nFROM `...')
#3 /opt/lampp/htdocs/bifi/system/Database/BaseBuilder.php(1649): CodeIgniter\Database\BaseConnection->query('SELECT *\nFROM `...', Array, false)
#4 /opt/lampp/htdocs/bifi/system/Model.php(286): CodeIgniter\Database\BaseBuilder->get()
#5 /opt/lampp/htdocs/bifi/system/BaseModel.php(679): CodeIgniter\Model->doFindAll(0, 0)
#6 /opt/lampp/htdocs/bifi/app/Controllers/Auth.php(251): CodeIgniter\BaseModel->findAll()
#7 /opt/lampp/htdocs/bifi/system/CodeIgniter.php(933): App\Controllers\Auth->rechercher()
#8 /opt/lampp/htdocs/bifi/system/CodeIgniter.php(507): CodeIgniter\CodeIgniter->runController(Object(App\Controllers\Auth))
#9 /opt/lampp/htdocs/bifi/system/CodeIgniter.php(354): CodeIgniter\CodeIgniter->handleRequest(NULL, Object(Config\Cache), false)
#10 /opt/lampp/htdocs/bifi/system/Boot.php(334): CodeIgniter\CodeIgniter->run()
#11 /opt/lampp/htdocs/bifi/system/Boot.php(67): CodeIgniter\Boot::runCodeIgniter(Object(CodeIgniter\CodeIgniter))
#12 /opt/lampp/htdocs/bifi/public/index.php(59): CodeIgniter\Boot::bootWeb(Object(Config\Paths))
#13 {main}
CRITICAL - 2025-07-12 14:51:42 --> CodeIgniter\Database\Exceptions\DatabaseException: Unknown column 'sujet_id' in 'where clause'
[Method: GET, Route: auth/rechercher]
in SYSTEMPATH/Database/BaseConnection.php on line 692.
 1 SYSTEMPATH/Database/BaseBuilder.php(1649): CodeIgniter\Database\BaseConnection->query('SELECT *
FROM `chat`
WHERE `sujet_id` = :sujet_id:
ORDER BY `id` ASC', [...], false)
 2 SYSTEMPATH/Model.php(286): CodeIgniter\Database\BaseBuilder->get()
 3 SYSTEMPATH/BaseModel.php(679): CodeIgniter\Model->doFindAll(0, 0)
 4 APPPATH/Controllers/Auth.php(251): CodeIgniter\BaseModel->findAll()
 5 SYSTEMPATH/CodeIgniter.php(933): App\Controllers\Auth->rechercher()
 6 SYSTEMPATH/CodeIgniter.php(507): CodeIgniter\CodeIgniter->runController(Object(App\Controllers\Auth))
 7 SYSTEMPATH/CodeIgniter.php(354): CodeIgniter\CodeIgniter->handleRequest(null, Object(Config\Cache), false)
 8 SYSTEMPATH/Boot.php(334): CodeIgniter\CodeIgniter->run()
 9 SYSTEMPATH/Boot.php(67): CodeIgniter\Boot::runCodeIgniter(Object(CodeIgniter\CodeIgniter))
10 FCPATH/index.php(59): CodeIgniter\Boot::bootWeb(Object(Config\Paths))
CRITICAL - 2025-07-12 14:51:42 --> [Caused by] CodeIgniter\Database\Exceptions\DatabaseException: Unknown column 'sujet_id' in 'where clause'
in SYSTEMPATH/Database/MySQLi/Connection.php on line 332.
 1 SYSTEMPATH/Database/BaseConnection.php(738): CodeIgniter\Database\MySQLi\Connection->execute('SELECT *
FROM `chat`
WHERE `sujet_id` = \'4\'
ORDER BY `id` ASC')
 2 SYSTEMPATH/Database/BaseConnection.php(652): CodeIgniter\Database\BaseConnection->simpleQuery('SELECT *
FROM `chat`
WHERE `sujet_id` = \'4\'
ORDER BY `id` ASC')
 3 SYSTEMPATH/Database/BaseBuilder.php(1649): CodeIgniter\Database\BaseConnection->query('SELECT *
FROM `chat`
WHERE `sujet_id` = :sujet_id:
ORDER BY `id` ASC', [...], false)
 4 SYSTEMPATH/Model.php(286): CodeIgniter\Database\BaseBuilder->get()
 5 SYSTEMPATH/BaseModel.php(679): CodeIgniter\Model->doFindAll(0, 0)
 6 APPPATH/Controllers/Auth.php(251): CodeIgniter\BaseModel->findAll()
 7 SYSTEMPATH/CodeIgniter.php(933): App\Controllers\Auth->rechercher()
 8 SYSTEMPATH/CodeIgniter.php(507): CodeIgniter\CodeIgniter->runController(Object(App\Controllers\Auth))
 9 SYSTEMPATH/CodeIgniter.php(354): CodeIgniter\CodeIgniter->handleRequest(null, Object(Config\Cache), false)
10 SYSTEMPATH/Boot.php(334): CodeIgniter\CodeIgniter->run()
11 SYSTEMPATH/Boot.php(67): CodeIgniter\Boot::runCodeIgniter(Object(CodeIgniter\CodeIgniter))
12 FCPATH/index.php(59): CodeIgniter\Boot::bootWeb(Object(Config\Paths))
CRITICAL - 2025-07-12 14:51:42 --> [Caused by] mysqli_sql_exception: Unknown column 'sujet_id' in 'where clause'
in SYSTEMPATH/Database/MySQLi/Connection.php on line 327.
 1 SYSTEMPATH/Database/MySQLi/Connection.php(327): mysqli->query('SELECT *
FROM `chat`
WHERE `sujet_id` = \'4\'
ORDER BY `id` ASC', 0)
 2 SYSTEMPATH/Database/BaseConnection.php(738): CodeIgniter\Database\MySQLi\Connection->execute('SELECT *
FROM `chat`
WHERE `sujet_id` = \'4\'
ORDER BY `id` ASC')
 3 SYSTEMPATH/Database/BaseConnection.php(652): CodeIgniter\Database\BaseConnection->simpleQuery('SELECT *
FROM `chat`
WHERE `sujet_id` = \'4\'
ORDER BY `id` ASC')
 4 SYSTEMPATH/Database/BaseBuilder.php(1649): CodeIgniter\Database\BaseConnection->query('SELECT *
FROM `chat`
WHERE `sujet_id` = :sujet_id:
ORDER BY `id` ASC', [...], false)
 5 SYSTEMPATH/Model.php(286): CodeIgniter\Database\BaseBuilder->get()
 6 SYSTEMPATH/BaseModel.php(679): CodeIgniter\Model->doFindAll(0, 0)
 7 APPPATH/Controllers/Auth.php(251): CodeIgniter\BaseModel->findAll()
 8 SYSTEMPATH/CodeIgniter.php(933): App\Controllers\Auth->rechercher()
 9 SYSTEMPATH/CodeIgniter.php(507): CodeIgniter\CodeIgniter->runController(Object(App\Controllers\Auth))
10 SYSTEMPATH/CodeIgniter.php(354): CodeIgniter\CodeIgniter->handleRequest(null, Object(Config\Cache), false)
11 SYSTEMPATH/Boot.php(334): CodeIgniter\CodeIgniter->run()
12 SYSTEMPATH/Boot.php(67): CodeIgniter\Boot::runCodeIgniter(Object(CodeIgniter\CodeIgniter))
13 FCPATH/index.php(59): CodeIgniter\Boot::bootWeb(Object(Config\Paths))
ERROR - 2025-07-12 14:52:13 --> mysqli_sql_exception: Unknown column 'sujet_id' in 'where clause' in /opt/lampp/htdocs/bifi/system/Database/MySQLi/Connection.php:327
Stack trace:
#0 /opt/lampp/htdocs/bifi/system/Database/MySQLi/Connection.php(327): mysqli->query('SELECT *\nFROM `...', 0)
#1 /opt/lampp/htdocs/bifi/system/Database/BaseConnection.php(738): CodeIgniter\Database\MySQLi\Connection->execute('SELECT *\nFROM `...')
#2 /opt/lampp/htdocs/bifi/system/Database/BaseConnection.php(652): CodeIgniter\Database\BaseConnection->simpleQuery('SELECT *\nFROM `...')
#3 /opt/lampp/htdocs/bifi/system/Database/BaseBuilder.php(1649): CodeIgniter\Database\BaseConnection->query('SELECT *\nFROM `...', Array, false)
#4 /opt/lampp/htdocs/bifi/system/Model.php(286): CodeIgniter\Database\BaseBuilder->get()
#5 /opt/lampp/htdocs/bifi/system/BaseModel.php(679): CodeIgniter\Model->doFindAll(0, 0)
#6 /opt/lampp/htdocs/bifi/app/Controllers/Auth.php(251): CodeIgniter\BaseModel->findAll()
#7 /opt/lampp/htdocs/bifi/system/CodeIgniter.php(933): App\Controllers\Auth->rechercher()
#8 /opt/lampp/htdocs/bifi/system/CodeIgniter.php(507): CodeIgniter\CodeIgniter->runController(Object(App\Controllers\Auth))
#9 /opt/lampp/htdocs/bifi/system/CodeIgniter.php(354): CodeIgniter\CodeIgniter->handleRequest(NULL, Object(Config\Cache), false)
#10 /opt/lampp/htdocs/bifi/system/Boot.php(334): CodeIgniter\CodeIgniter->run()
#11 /opt/lampp/htdocs/bifi/system/Boot.php(67): CodeIgniter\Boot::runCodeIgniter(Object(CodeIgniter\CodeIgniter))
#12 /opt/lampp/htdocs/bifi/public/index.php(59): CodeIgniter\Boot::bootWeb(Object(Config\Paths))
#13 {main}
CRITICAL - 2025-07-12 14:52:13 --> CodeIgniter\Database\Exceptions\DatabaseException: Unknown column 'sujet_id' in 'where clause'
[Method: GET, Route: auth/rechercher]
in SYSTEMPATH/Database/BaseConnection.php on line 692.
 1 SYSTEMPATH/Database/BaseBuilder.php(1649): CodeIgniter\Database\BaseConnection->query('SELECT *
FROM `chat`
WHERE `sujet_id` = :sujet_id:
ORDER BY `id` ASC', [...], false)
 2 SYSTEMPATH/Model.php(286): CodeIgniter\Database\BaseBuilder->get()
 3 SYSTEMPATH/BaseModel.php(679): CodeIgniter\Model->doFindAll(0, 0)
 4 APPPATH/Controllers/Auth.php(251): CodeIgniter\BaseModel->findAll()
 5 SYSTEMPATH/CodeIgniter.php(933): App\Controllers\Auth->rechercher()
 6 SYSTEMPATH/CodeIgniter.php(507): CodeIgniter\CodeIgniter->runController(Object(App\Controllers\Auth))
 7 SYSTEMPATH/CodeIgniter.php(354): CodeIgniter\CodeIgniter->handleRequest(null, Object(Config\Cache), false)
 8 SYSTEMPATH/Boot.php(334): CodeIgniter\CodeIgniter->run()
 9 SYSTEMPATH/Boot.php(67): CodeIgniter\Boot::runCodeIgniter(Object(CodeIgniter\CodeIgniter))
10 FCPATH/index.php(59): CodeIgniter\Boot::bootWeb(Object(Config\Paths))
CRITICAL - 2025-07-12 14:52:13 --> [Caused by] CodeIgniter\Database\Exceptions\DatabaseException: Unknown column 'sujet_id' in 'where clause'
in SYSTEMPATH/Database/MySQLi/Connection.php on line 332.
 1 SYSTEMPATH/Database/BaseConnection.php(738): CodeIgniter\Database\MySQLi\Connection->execute('SELECT *
FROM `chat`
WHERE `sujet_id` = \'4\'
ORDER BY `id` ASC')
 2 SYSTEMPATH/Database/BaseConnection.php(652): CodeIgniter\Database\BaseConnection->simpleQuery('SELECT *
FROM `chat`
WHERE `sujet_id` = \'4\'
ORDER BY `id` ASC')
 3 SYSTEMPATH/Database/BaseBuilder.php(1649): CodeIgniter\Database\BaseConnection->query('SELECT *
FROM `chat`
WHERE `sujet_id` = :sujet_id:
ORDER BY `id` ASC', [...], false)
 4 SYSTEMPATH/Model.php(286): CodeIgniter\Database\BaseBuilder->get()
 5 SYSTEMPATH/BaseModel.php(679): CodeIgniter\Model->doFindAll(0, 0)
 6 APPPATH/Controllers/Auth.php(251): CodeIgniter\BaseModel->findAll()
 7 SYSTEMPATH/CodeIgniter.php(933): App\Controllers\Auth->rechercher()
 8 SYSTEMPATH/CodeIgniter.php(507): CodeIgniter\CodeIgniter->runController(Object(App\Controllers\Auth))
 9 SYSTEMPATH/CodeIgniter.php(354): CodeIgniter\CodeIgniter->handleRequest(null, Object(Config\Cache), false)
10 SYSTEMPATH/Boot.php(334): CodeIgniter\CodeIgniter->run()
11 SYSTEMPATH/Boot.php(67): CodeIgniter\Boot::runCodeIgniter(Object(CodeIgniter\CodeIgniter))
12 FCPATH/index.php(59): CodeIgniter\Boot::bootWeb(Object(Config\Paths))
CRITICAL - 2025-07-12 14:52:13 --> [Caused by] mysqli_sql_exception: Unknown column 'sujet_id' in 'where clause'
in SYSTEMPATH/Database/MySQLi/Connection.php on line 327.
 1 SYSTEMPATH/Database/MySQLi/Connection.php(327): mysqli->query('SELECT *
FROM `chat`
WHERE `sujet_id` = \'4\'
ORDER BY `id` ASC', 0)
 2 SYSTEMPATH/Database/BaseConnection.php(738): CodeIgniter\Database\MySQLi\Connection->execute('SELECT *
FROM `chat`
WHERE `sujet_id` = \'4\'
ORDER BY `id` ASC')
 3 SYSTEMPATH/Database/BaseConnection.php(652): CodeIgniter\Database\BaseConnection->simpleQuery('SELECT *
FROM `chat`
WHERE `sujet_id` = \'4\'
ORDER BY `id` ASC')
 4 SYSTEMPATH/Database/BaseBuilder.php(1649): CodeIgniter\Database\BaseConnection->query('SELECT *
FROM `chat`
WHERE `sujet_id` = :sujet_id:
ORDER BY `id` ASC', [...], false)
 5 SYSTEMPATH/Model.php(286): CodeIgniter\Database\BaseBuilder->get()
 6 SYSTEMPATH/BaseModel.php(679): CodeIgniter\Model->doFindAll(0, 0)
 7 APPPATH/Controllers/Auth.php(251): CodeIgniter\BaseModel->findAll()
 8 SYSTEMPATH/CodeIgniter.php(933): App\Controllers\Auth->rechercher()
 9 SYSTEMPATH/CodeIgniter.php(507): CodeIgniter\CodeIgniter->runController(Object(App\Controllers\Auth))
10 SYSTEMPATH/CodeIgniter.php(354): CodeIgniter\CodeIgniter->handleRequest(null, Object(Config\Cache), false)
11 SYSTEMPATH/Boot.php(334): CodeIgniter\CodeIgniter->run()
12 SYSTEMPATH/Boot.php(67): CodeIgniter\Boot::runCodeIgniter(Object(CodeIgniter\CodeIgniter))
13 FCPATH/index.php(59): CodeIgniter\Boot::bootWeb(Object(Config\Paths))
ERROR - 2025-07-12 14:54:17 --> mysqli_sql_exception: Unknown column 'sujet_id' in 'where clause' in /opt/lampp/htdocs/bifi/system/Database/MySQLi/Connection.php:327
Stack trace:
#0 /opt/lampp/htdocs/bifi/system/Database/MySQLi/Connection.php(327): mysqli->query('SELECT *\nFROM `...', 0)
#1 /opt/lampp/htdocs/bifi/system/Database/BaseConnection.php(738): CodeIgniter\Database\MySQLi\Connection->execute('SELECT *\nFROM `...')
#2 /opt/lampp/htdocs/bifi/system/Database/BaseConnection.php(652): CodeIgniter\Database\BaseConnection->simpleQuery('SELECT *\nFROM `...')
#3 /opt/lampp/htdocs/bifi/system/Database/BaseBuilder.php(1649): CodeIgniter\Database\BaseConnection->query('SELECT *\nFROM `...', Array, false)
#4 /opt/lampp/htdocs/bifi/system/Model.php(286): CodeIgniter\Database\BaseBuilder->get()
#5 /opt/lampp/htdocs/bifi/system/BaseModel.php(679): CodeIgniter\Model->doFindAll(0, 0)
#6 /opt/lampp/htdocs/bifi/app/Controllers/Auth.php(251): CodeIgniter\BaseModel->findAll()
#7 /opt/lampp/htdocs/bifi/system/CodeIgniter.php(933): App\Controllers\Auth->rechercher()
#8 /opt/lampp/htdocs/bifi/system/CodeIgniter.php(507): CodeIgniter\CodeIgniter->runController(Object(App\Controllers\Auth))
#9 /opt/lampp/htdocs/bifi/system/CodeIgniter.php(354): CodeIgniter\CodeIgniter->handleRequest(NULL, Object(Config\Cache), false)
#10 /opt/lampp/htdocs/bifi/system/Boot.php(334): CodeIgniter\CodeIgniter->run()
#11 /opt/lampp/htdocs/bifi/system/Boot.php(67): CodeIgniter\Boot::runCodeIgniter(Object(CodeIgniter\CodeIgniter))
#12 /opt/lampp/htdocs/bifi/public/index.php(59): CodeIgniter\Boot::bootWeb(Object(Config\Paths))
#13 {main}
CRITICAL - 2025-07-12 14:54:17 --> CodeIgniter\Database\Exceptions\DatabaseException: Unknown column 'sujet_id' in 'where clause'
[Method: GET, Route: auth/rechercher]
in SYSTEMPATH/Database/BaseConnection.php on line 692.
 1 SYSTEMPATH/Database/BaseBuilder.php(1649): CodeIgniter\Database\BaseConnection->query('SELECT *
FROM `chat`
WHERE `sujet_id` = :sujet_id:
ORDER BY `id` ASC', [...], false)
 2 SYSTEMPATH/Model.php(286): CodeIgniter\Database\BaseBuilder->get()
 3 SYSTEMPATH/BaseModel.php(679): CodeIgniter\Model->doFindAll(0, 0)
 4 APPPATH/Controllers/Auth.php(251): CodeIgniter\BaseModel->findAll()
 5 SYSTEMPATH/CodeIgniter.php(933): App\Controllers\Auth->rechercher()
 6 SYSTEMPATH/CodeIgniter.php(507): CodeIgniter\CodeIgniter->runController(Object(App\Controllers\Auth))
 7 SYSTEMPATH/CodeIgniter.php(354): CodeIgniter\CodeIgniter->handleRequest(null, Object(Config\Cache), false)
 8 SYSTEMPATH/Boot.php(334): CodeIgniter\CodeIgniter->run()
 9 SYSTEMPATH/Boot.php(67): CodeIgniter\Boot::runCodeIgniter(Object(CodeIgniter\CodeIgniter))
10 FCPATH/index.php(59): CodeIgniter\Boot::bootWeb(Object(Config\Paths))
CRITICAL - 2025-07-12 14:54:17 --> [Caused by] CodeIgniter\Database\Exceptions\DatabaseException: Unknown column 'sujet_id' in 'where clause'
in SYSTEMPATH/Database/MySQLi/Connection.php on line 332.
 1 SYSTEMPATH/Database/BaseConnection.php(738): CodeIgniter\Database\MySQLi\Connection->execute('SELECT *
FROM `chat`
WHERE `sujet_id` = \'4\'
ORDER BY `id` ASC')
 2 SYSTEMPATH/Database/BaseConnection.php(652): CodeIgniter\Database\BaseConnection->simpleQuery('SELECT *
FROM `chat`
WHERE `sujet_id` = \'4\'
ORDER BY `id` ASC')
 3 SYSTEMPATH/Database/BaseBuilder.php(1649): CodeIgniter\Database\BaseConnection->query('SELECT *
FROM `chat`
WHERE `sujet_id` = :sujet_id:
ORDER BY `id` ASC', [...], false)
 4 SYSTEMPATH/Model.php(286): CodeIgniter\Database\BaseBuilder->get()
 5 SYSTEMPATH/BaseModel.php(679): CodeIgniter\Model->doFindAll(0, 0)
 6 APPPATH/Controllers/Auth.php(251): CodeIgniter\BaseModel->findAll()
 7 SYSTEMPATH/CodeIgniter.php(933): App\Controllers\Auth->rechercher()
 8 SYSTEMPATH/CodeIgniter.php(507): CodeIgniter\CodeIgniter->runController(Object(App\Controllers\Auth))
 9 SYSTEMPATH/CodeIgniter.php(354): CodeIgniter\CodeIgniter->handleRequest(null, Object(Config\Cache), false)
10 SYSTEMPATH/Boot.php(334): CodeIgniter\CodeIgniter->run()
11 SYSTEMPATH/Boot.php(67): CodeIgniter\Boot::runCodeIgniter(Object(CodeIgniter\CodeIgniter))
12 FCPATH/index.php(59): CodeIgniter\Boot::bootWeb(Object(Config\Paths))
CRITICAL - 2025-07-12 14:54:17 --> [Caused by] mysqli_sql_exception: Unknown column 'sujet_id' in 'where clause'
in SYSTEMPATH/Database/MySQLi/Connection.php on line 327.
 1 SYSTEMPATH/Database/MySQLi/Connection.php(327): mysqli->query('SELECT *
FROM `chat`
WHERE `sujet_id` = \'4\'
ORDER BY `id` ASC', 0)
 2 SYSTEMPATH/Database/BaseConnection.php(738): CodeIgniter\Database\MySQLi\Connection->execute('SELECT *
FROM `chat`
WHERE `sujet_id` = \'4\'
ORDER BY `id` ASC')
 3 SYSTEMPATH/Database/BaseConnection.php(652): CodeIgniter\Database\BaseConnection->simpleQuery('SELECT *
FROM `chat`
WHERE `sujet_id` = \'4\'
ORDER BY `id` ASC')
 4 SYSTEMPATH/Database/BaseBuilder.php(1649): CodeIgniter\Database\BaseConnection->query('SELECT *
FROM `chat`
WHERE `sujet_id` = :sujet_id:
ORDER BY `id` ASC', [...], false)
 5 SYSTEMPATH/Model.php(286): CodeIgniter\Database\BaseBuilder->get()
 6 SYSTEMPATH/BaseModel.php(679): CodeIgniter\Model->doFindAll(0, 0)
 7 APPPATH/Controllers/Auth.php(251): CodeIgniter\BaseModel->findAll()
 8 SYSTEMPATH/CodeIgniter.php(933): App\Controllers\Auth->rechercher()
 9 SYSTEMPATH/CodeIgniter.php(507): CodeIgniter\CodeIgniter->runController(Object(App\Controllers\Auth))
10 SYSTEMPATH/CodeIgniter.php(354): CodeIgniter\CodeIgniter->handleRequest(null, Object(Config\Cache), false)
11 SYSTEMPATH/Boot.php(334): CodeIgniter\CodeIgniter->run()
12 SYSTEMPATH/Boot.php(67): CodeIgniter\Boot::runCodeIgniter(Object(CodeIgniter\CodeIgniter))
13 FCPATH/index.php(59): CodeIgniter\Boot::bootWeb(Object(Config\Paths))
CRITICAL - 2025-07-12 16:11:33 --> ErrorException: Undefined variable $builder
[Method: GET, Route: auth/rechercher]
in APPPATH/Controllers/Auth.php on line 259.
 1 APPPATH/Controllers/Auth.php(259): CodeIgniter\Debug\Exceptions->errorHandler(2, 'Undefined variable $builder', '/opt/lampp/htdocs/bifi/app/Controllers/Auth.php', 259)
 2 SYSTEMPATH/CodeIgniter.php(933): App\Controllers\Auth->rechercher()
 3 SYSTEMPATH/CodeIgniter.php(507): CodeIgniter\CodeIgniter->runController(Object(App\Controllers\Auth))
 4 SYSTEMPATH/CodeIgniter.php(354): CodeIgniter\CodeIgniter->handleRequest(null, Object(Config\Cache), false)
 5 SYSTEMPATH/Boot.php(334): CodeIgniter\CodeIgniter->run()
 6 SYSTEMPATH/Boot.php(67): CodeIgniter\Boot::runCodeIgniter(Object(CodeIgniter\CodeIgniter))
 7 FCPATH/index.php(59): CodeIgniter\Boot::bootWeb(Object(Config\Paths))
